Archive member included to satisfy reference by file (symbol)

C:/ST/STM32CubeIDE_1.16.1/STM32CubeIDE/plugins/com.st.stm32cube.ide.mcu.externaltools.gnu-tools-for-stm32.12.3.rel1.win32_1.0.200.202406191623/tools/bin/../lib/gcc/arm-none-eabi/12.3.1/../../../../arm-none-eabi/lib/thumb/v7-m/nofp\libc_nano.a(libc_a-exit.o)
                              C:/ST/STM32CubeIDE_1.16.1/STM32CubeIDE/plugins/com.st.stm32cube.ide.mcu.externaltools.gnu-tools-for-stm32.12.3.rel1.win32_1.0.200.202406191623/tools/bin/../lib/gcc/arm-none-eabi/12.3.1/../../../../arm-none-eabi/lib/thumb/v7-m/nofp/crt0.o (exit)
C:/ST/STM32CubeIDE_1.16.1/STM32CubeIDE/plugins/com.st.stm32cube.ide.mcu.externaltools.gnu-tools-for-stm32.12.3.rel1.win32_1.0.200.202406191623/tools/bin/../lib/gcc/arm-none-eabi/12.3.1/../../../../arm-none-eabi/lib/thumb/v7-m/nofp\libc_nano.a(libc_a-findfp.o)
                              C:/ST/STM32CubeIDE_1.16.1/STM32CubeIDE/plugins/com.st.stm32cube.ide.mcu.externaltools.gnu-tools-for-stm32.12.3.rel1.win32_1.0.200.202406191623/tools/bin/../lib/gcc/arm-none-eabi/12.3.1/../../../../arm-none-eabi/lib/thumb/v7-m/nofp\libc_nano.a(libc_a-exit.o) (__stdio_exit_handler)
C:/ST/STM32CubeIDE_1.16.1/STM32CubeIDE/plugins/com.st.stm32cube.ide.mcu.externaltools.gnu-tools-for-stm32.12.3.rel1.win32_1.0.200.202406191623/tools/bin/../lib/gcc/arm-none-eabi/12.3.1/../../../../arm-none-eabi/lib/thumb/v7-m/nofp\libc_nano.a(libc_a-fwalk.o)
                              C:/ST/STM32CubeIDE_1.16.1/STM32CubeIDE/plugins/com.st.stm32cube.ide.mcu.externaltools.gnu-tools-for-stm32.12.3.rel1.win32_1.0.200.202406191623/tools/bin/../lib/gcc/arm-none-eabi/12.3.1/../../../../arm-none-eabi/lib/thumb/v7-m/nofp\libc_nano.a(libc_a-findfp.o) (_fwalk_sglue)
C:/ST/STM32CubeIDE_1.16.1/STM32CubeIDE/plugins/com.st.stm32cube.ide.mcu.externaltools.gnu-tools-for-stm32.12.3.rel1.win32_1.0.200.202406191623/tools/bin/../lib/gcc/arm-none-eabi/12.3.1/../../../../arm-none-eabi/lib/thumb/v7-m/nofp\libc_nano.a(libc_a-sprintf.o)
                              ./Core/Src/Parking.o (sprintf)
C:/ST/STM32CubeIDE_1.16.1/STM32CubeIDE/plugins/com.st.stm32cube.ide.mcu.externaltools.gnu-tools-for-stm32.12.3.rel1.win32_1.0.200.202406191623/tools/bin/../lib/gcc/arm-none-eabi/12.3.1/../../../../arm-none-eabi/lib/thumb/v7-m/nofp\libc_nano.a(libc_a-stdio.o)
                              C:/ST/STM32CubeIDE_1.16.1/STM32CubeIDE/plugins/com.st.stm32cube.ide.mcu.externaltools.gnu-tools-for-stm32.12.3.rel1.win32_1.0.200.202406191623/tools/bin/../lib/gcc/arm-none-eabi/12.3.1/../../../../arm-none-eabi/lib/thumb/v7-m/nofp\libc_nano.a(libc_a-findfp.o) (__sread)
C:/ST/STM32CubeIDE_1.16.1/STM32CubeIDE/plugins/com.st.stm32cube.ide.mcu.externaltools.gnu-tools-for-stm32.12.3.rel1.win32_1.0.200.202406191623/tools/bin/../lib/gcc/arm-none-eabi/12.3.1/../../../../arm-none-eabi/lib/thumb/v7-m/nofp\libc_nano.a(libc_a-memset.o)
                              C:/ST/STM32CubeIDE_1.16.1/STM32CubeIDE/plugins/com.st.stm32cube.ide.mcu.externaltools.gnu-tools-for-stm32.12.3.rel1.win32_1.0.200.202406191623/tools/bin/../lib/gcc/arm-none-eabi/12.3.1/../../../../arm-none-eabi/lib/thumb/v7-m/nofp/crt0.o (memset)
C:/ST/STM32CubeIDE_1.16.1/STM32CubeIDE/plugins/com.st.stm32cube.ide.mcu.externaltools.gnu-tools-for-stm32.12.3.rel1.win32_1.0.200.202406191623/tools/bin/../lib/gcc/arm-none-eabi/12.3.1/../../../../arm-none-eabi/lib/thumb/v7-m/nofp\libc_nano.a(libc_a-closer.o)
                              C:/ST/STM32CubeIDE_1.16.1/STM32CubeIDE/plugins/com.st.stm32cube.ide.mcu.externaltools.gnu-tools-for-stm32.12.3.rel1.win32_1.0.200.202406191623/tools/bin/../lib/gcc/arm-none-eabi/12.3.1/../../../../arm-none-eabi/lib/thumb/v7-m/nofp\libc_nano.a(libc_a-stdio.o) (_close_r)
C:/ST/STM32CubeIDE_1.16.1/STM32CubeIDE/plugins/com.st.stm32cube.ide.mcu.externaltools.gnu-tools-for-stm32.12.3.rel1.win32_1.0.200.202406191623/tools/bin/../lib/gcc/arm-none-eabi/12.3.1/../../../../arm-none-eabi/lib/thumb/v7-m/nofp\libc_nano.a(libc_a-reent.o)
                              C:/ST/STM32CubeIDE_1.16.1/STM32CubeIDE/plugins/com.st.stm32cube.ide.mcu.externaltools.gnu-tools-for-stm32.12.3.rel1.win32_1.0.200.202406191623/tools/bin/../lib/gcc/arm-none-eabi/12.3.1/../../../../arm-none-eabi/lib/thumb/v7-m/nofp\libc_nano.a(libc_a-closer.o) (errno)
C:/ST/STM32CubeIDE_1.16.1/STM32CubeIDE/plugins/com.st.stm32cube.ide.mcu.externaltools.gnu-tools-for-stm32.12.3.rel1.win32_1.0.200.202406191623/tools/bin/../lib/gcc/arm-none-eabi/12.3.1/../../../../arm-none-eabi/lib/thumb/v7-m/nofp\libc_nano.a(libc_a-impure.o)
                              C:/ST/STM32CubeIDE_1.16.1/STM32CubeIDE/plugins/com.st.stm32cube.ide.mcu.externaltools.gnu-tools-for-stm32.12.3.rel1.win32_1.0.200.202406191623/tools/bin/../lib/gcc/arm-none-eabi/12.3.1/../../../../arm-none-eabi/lib/thumb/v7-m/nofp\libc_nano.a(libc_a-sprintf.o) (_impure_ptr)
[...]
Memory Configuration

Name             Origin             Length             Attributes
RAM              0x20000000         0x00005000         xrw
FLASH            0x08000000         0x00010000         xr
*default*        0x00000000         0xffffffff

Linker script and memory map

LOAD C:/ST/STM32CubeIDE_1.16.1/STM32CubeIDE/plugins/com.st.stm32cube.ide.mcu.externaltools.gnu-tools-for-stm32.12.3.rel1.win32_1.0.200.202406191623/tools/bin/../lib/gcc/arm-none-eabi/12.3.1/thumb/v7-m/nofp/crti.o
LOAD C:/ST/STM32CubeIDE_1.16.1/STM32CubeIDE/plugins/com.st.stm32cube.ide.mcu.externaltools.gnu-tools-for-stm32.12.3.rel1.win32_1.0.200.202406191623/tools/bin/../lib/gcc/arm-none-eabi/12.3.1/thumb/v7-m/nofp/crtbegin.o
LOAD C:/ST/STM32CubeIDE_1.16.1/STM32CubeIDE/plugins/com.st.stm32cube.ide.mcu.externaltools.gnu-tools-for-stm32.12.3.rel1.win32_1.0.200.202406191623/tools/bin/../lib/gcc/arm-none-eabi/12.3.1/../../../../arm-none-eabi/lib/thumb/v7-m/nofp/crt0.o
LOAD ./Core/Src/Parking.o
LOAD ./Core/Src/TM1637.o
LOAD ./Core/Src/main.o
LOAD ./Core/Src/stm32f1xx_hal_msp.o
LOAD ./Core/Src/stm32f1xx_it.o
LOAD ./Core/Src/syscalls.o
LOAD ./Core/Src/sysmem.o
LOAD ./Core/Src/system_stm32f1xx.o
LOAD ./Core/Startup/startup_stm32f103c8tx.o
LOAD ./Drivers/STM32F1xx_HAL_Driver/Src/stm32f1xx_hal.o
LOAD ./Drivers/STM32F1xx_HAL_Driver/Src/stm32f1xx_hal_cortex.o
LOAD ./Drivers/STM32F1xx_HAL_Driver/Src/stm32f1xx_hal_dma.o
LOAD ./Drivers/STM32F1xx_HAL_Driver/Src/stm32f1xx_hal_exti.o
LOAD ./Drivers/STM32F1xx_HAL_Driver/Src/stm32f1xx_hal_flash.o
LOAD ./Drivers/STM32F1xx_HAL_Driver/Src/stm32f1xx_hal_flash_ex.o
LOAD ./Drivers/STM32F1xx_HAL_Driver/Src/stm32f1xx_hal_gpio.o
LOAD ./Drivers/STM32F1xx_HAL_Driver/Src/stm32f1xx_hal_gpio_ex.o
LOAD ./Drivers/STM32F1xx_HAL_Driver/Src/stm32f1xx_hal_pwr.o
LOAD ./Drivers/STM32F1xx_HAL_Driver/Src/stm32f1xx_hal_rcc.o
LOAD ./Drivers/STM32F1xx_HAL_Driver/Src/stm32f1xx_hal_rcc_ex.o
LOAD ./Drivers/STM32F1xx_HAL_Driver/Src/stm32f1xx_hal_tim.o
LOAD ./Drivers/STM32F1xx_HAL_Driver/Src/stm32f1xx_hal_tim_ex.o
START GROUP
LOAD C:/ST/STM32CubeIDE_1.16.1/STM32CubeIDE/plugins/com.st.stm32cube.ide.mcu.externaltools.gnu-tools-for-stm32.12.3.rel1.win32_1.0.200.202406191623/tools/bin/../lib/gcc/arm-none-eabi/12.3.1/../../../../arm-none-eabi/lib/thumb/v7-m/nofp\libc_nano.a
LOAD C:/ST/STM32CubeIDE_1.16.1/STM32CubeIDE/plugins/com.st.stm32cube.ide.mcu.externaltools.gnu-tools-for-stm32.12.3.rel1.win32_1.0.200.202406191623/tools/bin/../lib/gcc/arm-none-eabi/12.3.1/../../../../arm-none-eabi/lib/thumb/v7-m/nofp\libm.a
END GROUP
START GROUP
LOAD C:/ST/STM32CubeIDE_1.16.1/STM32CubeIDE/plugins/com.st.stm32cube.ide.mcu.externaltools.gnu-tools-for-stm32.12.3.rel1.win32_1.0.200.202406191623/tools/bin/../lib/gcc/arm-none-eabi/12.3.1/thumb/v7-m/nofp\libgcc.a
LOAD C:/ST/STM32CubeIDE_1.16.1/STM32CubeIDE/plugins/com.st.stm32cube.ide.mcu.externaltools.gnu-tools-for-stm32.12.3.rel1.win32_1.0.200.202406191623/tools/bin/../lib/gcc/arm-none-eabi/12.3.1/../../../../arm-none-eabi/lib/thumb/v7-m/nofp\libc_nano.a
END GROUP
START GROUP
LOAD C:/ST/STM32CubeIDE_1.16.1/STM32CubeIDE/plugins/com.st.stm32cube.ide.mcu.externaltools.gnu-tools-for-stm32.12.3.rel1.win32_1.0.200.202406191623/tools/bin/../lib/gcc/arm-none-eabi/12.3.1/thumb/v7-m/nofp\libgcc.a
LOAD C:/ST/STM32CubeIDE_1.16.1/STM32CubeIDE/plugins/com.st.stm32cube.ide.mcu.externaltools.gnu-tools-for-stm32.12.3.rel1.win32_1.0.200.202406191623/tools/bin/../lib/gcc/arm-none-eabi/12.3.1/../../../../arm-none-eabi/lib/thumb/v7-m/nofp\libc_nano.a
LOAD C:/ST/STM32CubeIDE_1.16.1/STM32CubeIDE/plugins/com.st.stm32cube.ide.mcu.externaltools.gnu-tools-for-stm32.12.3.rel1.win32_1.0.200.202406191623/tools/bin/../lib/gcc/arm-none-eabi/12.3.1/../../../../arm-none-eabi/lib/thumb/v7-m/nofp\libnosys.a
END GROUP
START GROUP
LOAD C:/ST/STM32CubeIDE_1.16.1/STM32CubeIDE/plugins/com.st.stm32cube.ide.mcu.externaltools.gnu-tools-for-stm32.12.3.rel1.win32_1.0.200.202406191623/tools/bin/../lib/gcc/arm-none-eabi/12.3.1/thumb/v7-m/nofp\libgcc.a
LOAD C:/ST/STM32CubeIDE_1.16.1/STM32CubeIDE/plugins/com.st.stm32cube.ide.mcu.externaltools.gnu-tools-for-stm32.12.3.rel1.win32_1.0.200.202406191623/tools/bin/../lib/gcc/arm-none-eabi/12.3.1/../../../../arm-none-eabi/lib/thumb/v7-m/nofp\libc_nano.a
LOAD C:/ST/STM32CubeIDE_1.16.1/STM32CubeIDE/plugins/com.st.stm32cube.ide.mcu.externaltools.gnu-tools-for-stm32.12.3.rel1.win32_1.0.200.202406191623/tools/bin/../lib/gcc/arm-none-eabi/12.3.1/../../../../arm-none-eabi/lib/thumb/v7-m/nofp\libnosys.a
END GROUP
LOAD C:/ST/STM32CubeIDE_1.16.1/STM32CubeIDE/plugins/com.st.stm32cube.ide.mcu.externaltools.gnu-tools-for-stm32.12.3.rel1.win32_1.0.200.202406191623/tools/bin/../lib/gcc/arm-none-eabi/12.3.1/thumb/v7-m/nofp/crtend.o
LOAD C:/ST/STM32CubeIDE_1.16.1/STM32CubeIDE/plugins/com.st.stm32cube.ide.mcu.externaltools.gnu-tools-for-stm32.12.3.rel1.win32_1.0.200.202406191623/tools/bin/../lib/gcc/arm-none-eabi/12.3.1/thumb/v7-m/nofp/crtn.o
                0x20005000                        _estack = (ORIGIN (RAM) + LENGTH (RAM))
                0x00000200                        _Min_Heap_Size = 0x200
                0x00000400                        _Min_Stack_Size = 0x400

.isr_vector     0x08000000      0x10c
                0x08000000                        . = ALIGN (0x4)
 *(.isr_vector)
 .isr_vector    0x08000000      0x10c ./Core/Startup/startup_stm32f103c8tx.o
                0x08000000                g_pfnVectors
                0x0800010c                        . = ALIGN (0x4)

.text           0x0800010c     0x1844
                0x0800010c                        . = ALIGN (0x4)
 *(.text)
 .text          0x0800010c       0x40 C:/ST/STM32CubeIDE_1.16.1/STM32CubeIDE/plugins/com.st.stm32cube.ide.mcu.externaltools.gnu-tools-for-stm32.12.3.rel1.win32_1.0.200.202406191623/tools/bin/../lib/gcc/arm-none-eabi/12.3.1/thumb/v7-m/nofp/crtbegin.o
 .text          0x0800014c       0x10 C:/ST/STM32CubeIDE_1.16.1/STM32CubeIDE/plugins/com.st.stm32cube.ide.mcu.externaltools.gnu-tools-for-stm32.12.3.rel1.win32_1.0.200.202406191623/tools/bin/../lib/gcc/arm-none-eabi/12.3.1/../../../../arm-none-eabi/lib/thumb/v7-m/nofp\libc_nano.a(libc_a-strlen.o)
                0x0800014c                strlen
 *(.text*)
 .text.Display_Startup
                0x0800015c       0x24 ./Core/Src/Parking.o
                0x0800015c                Display_Startup
 .text.tm1637_CLKhigh
                0x08000180       0x30 ./Core/Src/TM1637.o
                0x08000180                tm1637_CLKhigh
 .text.tm1637_CLKlow
                0x080001b0       0x30 ./Core/Src/TM1637.o
                0x080001b0                tm1637_CLKlow
 .text.tm1637_SDOhigh
                0x080001e0       0x30 ./Core/Src/TM1637.o
                0x080001e0                tm1637_SDOhigh
 .text.tm1637_SDOlow
                0x08000210       0x30 ./Core/Src/TM1637.o
                0x08000210                tm1637_SDOlow
 .text.tm1637_StartPacket
                0x08000240       0x18 ./Core/Src/TM1637.o
                0x08000240                tm1637_StartPacket
 .text.tm1637_EndPacket
                0x08000258       0x18 ./Core/Src/TM1637.o
                0x08000258                tm1637_EndPacket
 .text.tm1637_DataOut
                0x08000270       0x4c ./Core/Src/TM1637.o
                0x08000270                tm1637_DataOut
 .text.tm1637_TxCommand
                0x080002bc       0x78 ./Core/Src/TM1637.o
                0x080002bc                tm1637_TxCommand
 .text.tm1637_TxData
                0x08000334       0x84 ./Core/Src/TM1637.o
                0x08000334                tm1637_TxData
 .text.tm1637_Initialize
                0x080003b8       0x60 ./Core/Src/TM1637.o
                0x080003b8                tm1637_Initialize
 .text.tm1637_ACKcheck
                0x08000418       0x30 ./Core/Src/TM1637.o
                0x08000418                tm1637_ACKcheck
 .text.tm1637_DisplayHandle
                0x08000448       0x58 ./Core/Src/TM1637.o
                0x08000448                tm1637_DisplayHandle
 .text.tm1637_SetBrighness
                0x080004a0       0x86 ./Core/Src/TM1637.o
                0x080004a0                tm1637_SetBrighness
 *fill*         0x08000526        0x2 
 .text.char2segments
                0x08000528      0x254 ./Core/Src/TM1637.o
                0x08000528                char2segments
 .text.tm1637_THEDisplayer
                0x0800077c       0xa8 ./Core/Src/TM1637.o
                0x0800077c                tm1637_THEDisplayer
 .text.main     0x08000824       0x24 ./Core/Src/main.o
                0x08000824                main
 .text.SystemClock_Config
                0x08000848       0x8a ./Core/Src/main.o
                0x08000848                SystemClock_Config
 *fill*         0x080008d2        0x2 
 .text.MX_GPIO_Init
                0x080008d4       0xf4 ./Core/Src/main.o
 .text.Error_Handler
                0x080009c8        0xc ./Core/Src/main.o
                0x080009c8                Error_Handler
 .text.HAL_MspInit
                0x080009d4       0x64 ./Core/Src/stm32f1xx_hal_msp.o
                0x080009d4                HAL_MspInit
 .text.NMI_Handler
                0x08000a38        0x8 ./Core/Src/stm32f1xx_it.o
                0x08000a38                NMI_Handler
 .text.HardFault_Handler
                0x08000a40        0x8 ./Core/Src/stm32f1xx_it.o
                0x08000a40                HardFault_Handler
 .text.MemManage_Handler
                0x08000a48        0x8 ./Core/Src/stm32f1xx_it.o
                0x08000a48                MemManage_Handler
 .text.BusFault_Handler
                0x08000a50        0x8 ./Core/Src/stm32f1xx_it.o
                0x08000a50                BusFault_Handler
 .text.UsageFault_Handler
                0x08000a58        0x8 ./Core/Src/stm32f1xx_it.o
                0x08000a58                UsageFault_Handler
 .text.SVC_Handler
                0x08000a60        0xc ./Core/Src/stm32f1xx_it.o
                0x08000a60                SVC_Handler
 .text.DebugMon_Handler
                0x08000a6c        0xc ./Core/Src/stm32f1xx_it.o
                0x08000a6c                DebugMon_Handler
 .text.PendSV_Handler
                0x08000a78        0xc ./Core/Src/stm32f1xx_it.o
                0x08000a78                PendSV_Handler
 .text.SysTick_Handler
                0x08000a84        0xc ./Core/Src/stm32f1xx_it.o
                0x08000a84                SysTick_Handler
 .text.SystemInit
                0x08000a90        0xc ./Core/Src/system_stm32f1xx.o
                0x08000a90                SystemInit
 .text.Reset_Handler
                0x08000a9c       0x48 ./Core/Startup/startup_stm32f103c8tx.o
                0x08000a9c                Reset_Handler
 .text.Default_Handler
                0x08000ae4        0x2 ./Core/Startup/startup_stm32f103c8tx.o
                0x08000ae4                RTC_Alarm_IRQHandler
                0x08000ae4                EXTI2_IRQHandler
                0x08000ae4                TIM1_CC_IRQHandler
                0x08000ae4                PVD_IRQHandler
                0x08000ae4                EXTI3_IRQHandler
                0x08000ae4                EXTI0_IRQHandler
                0x08000ae4                I2C2_EV_IRQHandler
                0x08000ae4                ADC1_2_IRQHandler
                0x08000ae4                SPI1_IRQHandler
                0x08000ae4                TAMPER_IRQHandler
                0x08000ae4                DMA1_Channel4_IRQHandler
                0x08000ae4                USART3_IRQHandler
                0x08000ae4                RTC_IRQHandler
                0x08000ae4                DMA1_Channel7_IRQHandler
                0x08000ae4                CAN1_RX1_IRQHandler
                0x08000ae4                TIM4_IRQHandler
                0x08000ae4                I2C1_EV_IRQHandler
                0x08000ae4                DMA1_Channel6_IRQHandler
                0x08000ae4                TIM3_IRQHandler
                0x08000ae4                RCC_IRQHandler
                0x08000ae4                TIM1_TRG_COM_IRQHandler
                0x08000ae4                DMA1_Channel1_IRQHandler
                0x08000ae4                Default_Handler
                0x08000ae4                EXTI15_10_IRQHandler
                0x08000ae4                EXTI9_5_IRQHandler
                0x08000ae4                SPI2_IRQHandler
                0x08000ae4                DMA1_Channel5_IRQHandler
                0x08000ae4                EXTI4_IRQHandler
                0x08000ae4                USB_LP_CAN1_RX0_IRQHandler
                0x08000ae4                USB_HP_CAN1_TX_IRQHandler
                0x08000ae4                DMA1_Channel3_IRQHandler
                0x08000ae4                TIM1_UP_IRQHandler
                0x08000ae4                WWDG_IRQHandler
                0x08000ae4                TIM2_IRQHandler
                0x08000ae4                TIM1_BRK_IRQHandler
                0x08000ae4                EXTI1_IRQHandler
                0x08000ae4                USART2_IRQHandler
                0x08000ae4                I2C2_ER_IRQHandler
                0x08000ae4                DMA1_Channel2_IRQHandler
                0x08000ae4                CAN1_SCE_IRQHandler
                0x08000ae4                FLASH_IRQHandler
                0x08000ae4                USART1_IRQHandler
                0x08000ae4                I2C1_ER_IRQHandler
                0x08000ae4                USBWakeUp_IRQHandler
 *fill*         0x08000ae6        0x2 
 .text.HAL_Init
                0x08000ae8       0x2c ./Drivers/STM32F1xx_HAL_Driver/Src/stm32f1xx_hal.o
                0x08000ae8                HAL_Init
 .text.HAL_InitTick
                0x08000b14       0x60 ./Drivers/STM32F1xx_HAL_Driver/Src/stm32f1xx_hal.o
                0x08000b14                HAL_InitTick
 .text.HAL_IncTick
                0x08000b74       0x24 ./Drivers/STM32F1xx_HAL_Driver/Src/stm32f1xx_hal.o
                0x08000b74                HAL_IncTick
 .text.HAL_GetTick
                0x08000b98       0x14 ./Drivers/STM32F1xx_HAL_Driver/Src/stm32f1xx_hal.o
                0x08000b98                HAL_GetTick
 .text.HAL_Delay
                0x08000bac       0x48 ./Drivers/STM32F1xx_HAL_Driver/Src/stm32f1xx_hal.o
                0x08000bac                HAL_Delay
 .text.__NVIC_SetPriorityGrouping
                0x08000bf4       0x48 ./Drivers/STM32F1xx_HAL_Driver/Src/stm32f1xx_hal_cortex.o
 .text.__NVIC_GetPriorityGrouping
                0x08000c3c       0x1c ./Drivers/STM32F1xx_HAL_Driver/Src/stm32f1xx_hal_cortex.o
 .text.__NVIC_SetPriority
                0x08000c58       0x54 ./Drivers/STM32F1xx_HAL_Driver/Src/stm32f1xx_hal_cortex.o
 .text.NVIC_EncodePriority
                0x08000cac       0x64 ./Drivers/STM32F1xx_HAL_Driver/Src/stm32f1xx_hal_cortex.o
 .text.SysTick_Config
                0x08000d10       0x44 ./Drivers/STM32F1xx_HAL_Driver/Src/stm32f1xx_hal_cortex.o
 .text.HAL_NVIC_SetPriorityGrouping
                0x08000d54       0x16 ./Drivers/STM32F1xx_HAL_Driver/Src/stm32f1xx_hal_cortex.o
                0x08000d54                HAL_NVIC_SetPriorityGrouping
 .text.HAL_NVIC_SetPriority
                0x08000d6a       0x38 ./Drivers/STM32F1xx_HAL_Driver/Src/stm32f1xx_hal_cortex.o
                0x08000d6a                HAL_NVIC_SetPriority
 .text.HAL_SYSTICK_Config
                0x08000da2       0x18 ./Drivers/STM32F1xx_HAL_Driver/Src/stm32f1xx_hal_cortex.o
                0x08000da2                HAL_SYSTICK_Config
 *fill*         0x08000dba        0x2 
 .text.HAL_GPIO_Init
                0x08000dbc      0x308 ./Drivers/STM32F1xx_HAL_Driver/Src/stm32f1xx_hal_gpio.o
                0x08000dbc                HAL_GPIO_Init
 .text.HAL_GPIO_ReadPin
                0x080010c4       0x2e ./Drivers/STM32F1xx_HAL_Driver/Src/stm32f1xx_hal_gpio.o
                0x080010c4                HAL_GPIO_ReadPin
 .text.HAL_GPIO_WritePin
                0x080010f2       0x30 ./Drivers/STM32F1xx_HAL_Driver/Src/stm32f1xx_hal_gpio.o
                0x080010f2                HAL_GPIO_WritePin
 *fill*         0x08001122        0x2 
 .text.HAL_RCC_OscConfig
                0x08001124      0x504 ./Drivers/STM32F1xx_HAL_Driver/Src/stm32f1xx_hal_rcc.o
                0x08001124                HAL_RCC_OscConfig
 .text.HAL_RCC_ClockConfig
                0x08001628      0x1d4 ./Drivers/STM32F1xx_HAL_Driver/Src/stm32f1xx_hal_rcc.o
                0x08001628                HAL_RCC_ClockConfig
 .text.HAL_RCC_GetSysClockFreq
                0x080017fc       0xa8 ./Drivers/STM32F1xx_HAL_Driver/Src/stm32f1xx_hal_rcc.o
                0x080017fc                HAL_RCC_GetSysClockFreq
 .text.RCC_Delay
                0x080018a4       0x3c ./Drivers/STM32F1xx_HAL_Driver/Src/stm32f1xx_hal_rcc.o
 .text.memset   0x080018e0       0x10 C:/ST/STM32CubeIDE_1.16.1/STM32CubeIDE/plugins/com.st.stm32cube.ide.mcu.externaltools.gnu-tools-for-stm32.12.3.rel1.win32_1.0.200.202406191623/tools/bin/../lib/gcc/arm-none-eabi/12.3.1/../../../../arm-none-eabi/lib/thumb/v7-m/nofp\libc_nano.a(libc_a-memset.o)
                0x080018e0                memset
 .text.__libc_init_array
                0x080018f0       0x48 C:/ST/STM32CubeIDE_1.16.1/STM32CubeIDE/plugins/com.st.stm32cube.ide.mcu.externaltools.gnu-tools-for-stm32.12.3.rel1.win32_1.0.200.202406191623/tools/bin/../lib/gcc/arm-none-eabi/12.3.1/../../../../arm-none-eabi/lib/thumb/v7-m/nofp\libc_nano.a(libc_a-init.o)
                0x080018f0                __libc_init_array
 *(.glue_7)
 .glue_7        0x08001938        0x0 linker stubs
 *(.glue_7t)
 .glue_7t       0x08001938        0x0 linker stubs
 *(.eh_frame)
 .eh_frame      0x08001938        0x0 C:/ST/STM32CubeIDE_1.16.1/STM32CubeIDE/plugins/com.st.stm32cube.ide.mcu.externaltools.gnu-tools-for-stm32.12.3.rel1.win32_1.0.200.202406191623/tools/bin/../lib/gcc/arm-none-eabi/12.3.1/thumb/v7-m/nofp/crtbegin.o
 *(.init)
 .init          0x08001938        0x4 C:/ST/STM32CubeIDE_1.16.1/STM32CubeIDE/plugins/com.st.stm32cube.ide.mcu.externaltools.gnu-tools-for-stm32.12.3.rel1.win32_1.0.200.202406191623/tools/bin/../lib/gcc/arm-none-eabi/12.3.1/thumb/v7-m/nofp/crti.o
                0x08001938                _init
 .init          0x0800193c        0x8 C:/ST/STM32CubeIDE_1.16.1/STM32CubeIDE/plugins/com.st.stm32cube.ide.mcu.externaltools.gnu-tools-for-stm32.12.3.rel1.win32_1.0.200.202406191623/tools/bin/../lib/gcc/arm-none-eabi/12.3.1/thumb/v7-m/nofp/crtn.o
 *(.fini)
 .fini          0x08001944        0x4 C:/ST/STM32CubeIDE_1.16.1/STM32CubeIDE/plugins/com.st.stm32cube.ide.mcu.externaltools.gnu-tools-for-stm32.12.3.rel1.win32_1.0.200.202406191623/tools/bin/../lib/gcc/arm-none-eabi/12.3.1/thumb/v7-m/nofp/crti.o
                0x08001944                _fini
 .fini          0x08001948        0x8 C:/ST/STM32CubeIDE_1.16.1/STM32CubeIDE/plugins/com.st.stm32cube.ide.mcu.externaltools.gnu-tools-for-stm32.12.3.rel1.win32_1.0.200.202406191623/tools/bin/../lib/gcc/arm-none-eabi/12.3.1/thumb/v7-m/nofp/crtn.o
                0x08001950                        . = ALIGN (0x4)
                0x08001950                        _etext = .

.vfp11_veneer   0x08001950        0x0
 .vfp11_veneer  0x08001950        0x0 linker stubs

.v4_bx          0x08001950        0x0
 .v4_bx         0x08001950        0x0 linker stubs

.iplt           0x08001950        0x0
 .iplt          0x08001950        0x0 C:/ST/STM32CubeIDE_1.16.1/STM32CubeIDE/plugins/com.st.stm32cube.ide.mcu.externaltools.gnu-tools-for-stm32.12.3.rel1.win32_1.0.200.202406191623/tools/bin/../lib/gcc/arm-none-eabi/12.3.1/thumb/v7-m/nofp/crtbegin.o

.rodata         0x08001950       0x58
                0x08001950                        . = ALIGN (0x4)
 *(.rodata)
 .rodata        0x08001950       0x34 ./Core/Src/Parking.o
 *(.rodata*)
 .rodata.AHBPrescTable
                0x08001984       0x10 ./Core/Src/system_stm32f1xx.o
                0x08001984                AHBPrescTable
 .rodata.aPLLMULFactorTable.1
                0x08001994       0x10 ./Drivers/STM32F1xx_HAL_Driver/Src/stm32f1xx_hal_rcc.o
 .rodata.aPredivFactorTable.0
                0x080019a4        0x2 ./Drivers/STM32F1xx_HAL_Driver/Src/stm32f1xx_hal_rcc.o
                0x080019a8                        . = ALIGN (0x4)
 *fill*         0x080019a6        0x2 

.ARM.extab      0x080019a8        0x0
                0x080019a8                        . = ALIGN (0x4)
 *(.ARM.extab* .gnu.linkonce.armextab.*)
                0x080019a8                        . = ALIGN (0x4)

.ARM            0x080019a8        0x8
                0x080019a8                        . = ALIGN (0x4)
                0x080019a8                        __exidx_start = .
 *(.ARM.exidx*)
 .ARM.exidx     0x080019a8        0x8 C:/ST/STM32CubeIDE_1.16.1/STM32CubeIDE/plugins/com.st.stm32cube.ide.mcu.externaltools.gnu-tools-for-stm32.12.3.rel1.win32_1.0.200.202406191623/tools/bin/../lib/gcc/arm-none-eabi/12.3.1/../../../../arm-none-eabi/lib/thumb/v7-m/nofp\libc_nano.a(libc_a-strlen.o)
                0x080019b0                        __exidx_end = .
                0x080019b0                        . = ALIGN (0x4)

.preinit_array  0x080019b0        0x0
                0x080019b0                        . = ALIGN (0x4)
                0x080019b0                        PROVIDE (__preinit_array_start = .)
 *(.preinit_array*)
                0x080019b0                        PROVIDE (__preinit_array_end = .)
                0x080019b0                        . = ALIGN (0x4)

.init_array     0x080019b0        0x4
                0x080019b0                        . = ALIGN (0x4)
                0x080019b0                        PROVIDE (__init_array_start = .)
 *(SORT_BY_NAME(.init_array.*))
 *(.init_array*)
 .init_array    0x080019b0        0x4 C:/ST/STM32CubeIDE_1.16.1/STM32CubeIDE/plugins/com.st.stm32cube.ide.mcu.externaltools.gnu-tools-for-stm32.12.3.rel1.win32_1.0.200.202406191623/tools/bin/../lib/gcc/arm-none-eabi/12.3.1/thumb/v7-m/nofp/crtbegin.o
                0x080019b4                        PROVIDE (__init_array_end = .)
                0x080019b4                        . = ALIGN (0x4)

.fini_array     0x080019b4        0x4
                0x080019b4                        . = ALIGN (0x4)
                [!provide]                        PROVIDE (__fini_array_start = .)
 *(SORT_BY_NAME(.fini_array.*))
 *(.fini_array*)
 .fini_array    0x080019b4        0x4 C:/ST/STM32CubeIDE_1.16.1/STM32CubeIDE/plugins/com.st.stm32cube.ide.mcu.externaltools.gnu-tools-for-stm32.12.3.rel1.win32_1.0.200.202406191623/tools/bin/../lib/gcc/arm-none-eabi/12.3.1/thumb/v7-m/nofp/crtbegin.o
                [!provide]                        PROVIDE (__fini_array_end = .)
                0x080019b8                        . = ALIGN (0x4)
                0x080019b8                        _sidata = LOADADDR (.data)

.rel.dyn        0x080019b8        0x0
 .rel.iplt      0x080019b8        0x0 C:/ST/STM32CubeIDE_1.16.1/STM32CubeIDE/plugins/com.st.stm32cube.ide.mcu.externaltools.gnu-tools-for-stm32.12.3.rel1.win32_1.0.200.202406191623/tools/bin/../lib/gcc/arm-none-eabi/12.3.1/thumb/v7-m/nofp/crtbegin.o

.data           0x20000000       0x10 load address 0x080019b8
                0x20000000                        . = ALIGN (0x4)
                0x20000000                        _sdata = .
 *(.data)
 *(.data*)
 .data.brightness
                0x20000000        0x4 ./Core/Src/main.o
                0x20000000                brightness
 .data.SystemCoreClock
                0x20000004        0x4 ./Core/Src/system_stm32f1xx.o
                0x20000004                SystemCoreClock
 .data.uwTickPrio
                0x20000008        0x4 ./Drivers/STM32F1xx_HAL_Driver/Src/stm32f1xx_hal.o
                0x20000008                uwTickPrio
 .data.uwTickFreq
                0x2000000c        0x1 ./Drivers/STM32F1xx_HAL_Driver/Src/stm32f1xx_hal.o
                0x2000000c                uwTickFreq
 *(.RamFunc)
 *(.RamFunc*)
                0x20000010                        . = ALIGN (0x4)
 *fill*         0x2000000d        0x3 
                0x20000010                        _edata = .

.igot.plt       0x20000010        0x0 load address 0x080019c8
 .igot.plt      0x20000010        0x0 C:/ST/STM32CubeIDE_1.16.1/STM32CubeIDE/plugins/com.st.stm32cube.ide.mcu.externaltools.gnu-tools-for-stm32.12.3.rel1.win32_1.0.200.202406191623/tools/bin/../lib/gcc/arm-none-eabi/12.3.1/thumb/v7-m/nofp/crtbegin.o
                0x20000010                        . = ALIGN (0x4)

.bss            0x20000010       0x20 load address 0x080019c8
                0x20000010                        _sbss = .
                0x20000010                        __bss_start__ = _sbss
 *(.bss)
 .bss           0x20000010       0x1c C:/ST/STM32CubeIDE_1.16.1/STM32CubeIDE/plugins/com.st.stm32cube.ide.mcu.externaltools.gnu-tools-for-stm32.12.3.rel1.win32_1.0.200.202406191623/tools/bin/../lib/gcc/arm-none-eabi/12.3.1/thumb/v7-m/nofp/crtbegin.o
 *(.bss*)
 .bss.uwTick    0x2000002c        0x4 ./Drivers/STM32F1xx_HAL_Driver/Src/stm32f1xx_hal.o
                0x2000002c                uwTick
 *(COMMON)
                0x20000030                        . = ALIGN (0x4)
                0x20000030                        _ebss = .
                0x20000030                        __bss_end__ = _ebss

._user_heap_stack
                0x20000030      0x600 load address 0x080019c8
                0x20000030                        . = ALIGN (0x8)
                [!provide]                        PROVIDE (end = .)
                0x20000030                        PROVIDE (_end = .)
                0x20000230                        . = (. + _Min_Heap_Size)
 *fill*         0x20000030      0x200 
                0x20000630                        . = (. + _Min_Stack_Size)
 *fill*         0x20000230      0x400 
                0x20000630                        . = ALIGN (0x8)

/DISCARD/
 libc.a(*)
 libm.a(*)
 libgcc.a(*)

.ARM.attributes
                0x00000000       0x29
 *(.ARM.attributes)
 .ARM.attributes
                0x00000000       0x1d C:/ST/STM32CubeIDE_1.16.1/STM32CubeIDE/plugins/com.st.stm32cube.ide.mcu.externaltools.gnu-tools-for-stm32.12.3.rel1.win32_1.0.200.202406191623/tools/bin/../lib/gcc/arm-none-eabi/12.3.1/thumb/v7-m/nofp/crti.o
 .ARM.attributes
                0x0000001d       0x2d C:/ST/STM32CubeIDE_1.16.1/STM32CubeIDE/plugins/com.st.stm32cube.ide.mcu.externaltools.gnu-tools-for-stm32.12.3.rel1.win32_1.0.200.202406191623/tools/bin/../lib/gcc/arm-none-eabi/12.3.1/thumb/v7-m/nofp/crtbegin.o
 .ARM.attributes
                0x0000004a       0x2d ./Core/Src/Parking.o
 .ARM.attributes
                0x00000077       0x2d ./Core/Src/TM1637.o
 .ARM.attributes
                0x000000a4       0x2d ./Core/Src/main.o
 .ARM.attributes
                0x000000d1       0x2d ./Core/Src/stm32f1xx_hal_msp.o
 .ARM.attributes
                0x000000fe       0x2d ./Core/Src/stm32f1xx_it.o
 .ARM.attributes
                0x0000012b       0x2d ./Core/Src/system_stm32f1xx.o
 .ARM.attributes
                0x00000158       0x21 ./Core/Startup/startup_stm32f103c8tx.o
 .ARM.attributes
                0x00000179       0x2d ./Drivers/STM32F1xx_HAL_Driver/Src/stm32f1xx_hal.o
 .ARM.attributes
                0x000001a6       0x2d ./Drivers/STM32F1xx_HAL_Driver/Src/stm32f1xx_hal_cortex.o
 .ARM.attributes
                0x000001d3       0x2d ./Drivers/STM32F1xx_HAL_Driver/Src/stm32f1xx_hal_gpio.o
 .ARM.attributes
                0x00000200       0x2d ./Drivers/STM32F1xx_HAL_Driver/Src/stm32f1xx_hal_rcc.o
 .ARM.attributes
                0x0000022d       0x2d C:/ST/STM32CubeIDE_1.16.1/STM32CubeIDE/plugins/com.st.stm32cube.ide.mcu.externaltools.gnu-tools-for-stm32.12.3.rel1.win32_1.0.200.202406191623/tools/bin/../lib/gcc/arm-none-eabi/12.3.1/../../../../arm-none-eabi/lib/thumb/v7-m/nofp\libc_nano.a(libc_a-memset.o)
 .ARM.attributes
                0x0000025a       0x2d C:/ST/STM32CubeIDE_1.16.1/STM32CubeIDE/plugins/com.st.stm32cube.ide.mcu.externaltools.gnu-tools-for-stm32.12.3.rel1.win32_1.0.200.202406191623/tools/bin/../lib/gcc/arm-none-eabi/12.3.1/../../../../arm-none-eabi/lib/thumb/v7-m/nofp\libc_nano.a(libc_a-init.o)
 .ARM.attributes
                0x00000287       0x17 C:/ST/STM32CubeIDE_1.16.1/STM32CubeIDE/plugins/com.st.stm32cube.ide.mcu.externaltools.gnu-tools-for-stm32.12.3.rel1.win32_1.0.200.202406191623/tools/bin/../lib/gcc/arm-none-eabi/12.3.1/../../../../arm-none-eabi/lib/thumb/v7-m/nofp\libc_nano.a(libc_a-strlen.o)
 .ARM.attributes
                0x0000029e       0x1d C:/ST/STM32CubeIDE_1.16.1/STM32CubeIDE/plugins/com.st.stm32cube.ide.mcu.externaltools.gnu-tools-for-stm32.12.3.rel1.win32_1.0.200.202406191623/tools/bin/../lib/gcc/arm-none-eabi/12.3.1/thumb/v7-m/nofp/crtn.o
OUTPUT(CAR_PARK_HAL.elf elf32-littlearm)
LOAD linker stubs
LOAD C:/ST/STM32CubeIDE_1.16.1/STM32CubeIDE/plugins/com.st.stm32cube.ide.mcu.externaltools.gnu-tools-for-stm32.12.3.rel1.win32_1.0.200.202406191623/tools/bin/../lib/gcc/arm-none-eabi/12.3.1/../../../../arm-none-eabi/lib/thumb/v7-m/nofp\libc.a
LOAD C:/ST/STM32CubeIDE_1.16.1/STM32CubeIDE/plugins/com.st.stm32cube.ide.mcu.externaltools.gnu-tools-for-stm32.12.3.rel1.win32_1.0.200.202406191623/tools/bin/../lib/gcc/arm-none-eabi/12.3.1/../../../../arm-none-eabi/lib/thumb/v7-m/nofp\libm.a
LOAD C:/ST/STM32CubeIDE_1.16.1/STM32CubeIDE/plugins/com.st.stm32cube.ide.mcu.externaltools.gnu-tools-for-stm32.12.3.rel1.win32_1.0.200.202406191623/tools/bin/../lib/gcc/arm-none-eabi/12.3.1/thumb/v7-m/nofp\libgcc.a

.debug_info     0x00000000     0x3277
 .debug_info    0x00000000      0x308 ./Core/Src/Parking.o
 .debug_info    0x00000308      0x60a ./Core/Src/TM1637.o
 .debug_info    0x00000912      0x504 ./Core/Src/main.o
 .debug_info    0x00000e16      0x1f1 ./Core/Src/stm32f1xx_hal_msp.o
 .debug_info    0x00001007      0x113 ./Core/Src/stm32f1xx_it.o
 .debug_info    0x0000111a      0x222 ./Core/Src/system_stm32f1xx.o
 .debug_info    0x0000133c       0x30 ./Core/Startup/startup_stm32f103c8tx.o
 .debug_info    0x0000136c      0x704 ./Drivers/STM32F1xx_HAL_Driver/Src/stm32f1xx_hal.o
 .debug_info    0x00001a70      0xa87 ./Drivers/STM32F1xx_HAL_Driver/Src/stm32f1xx_hal_cortex.o
 .debug_info    0x000024f7      0x5ab ./Drivers/STM32F1xx_HAL_Driver/Src/stm32f1xx_hal_gpio.o
 .debug_info    0x00002aa2      0x7d5 ./Drivers/STM32F1xx_HAL_Driver/Src/stm32f1xx_hal_rcc.o

.debug_abbrev   0x00000000     0x1280
 .debug_abbrev  0x00000000      0x1d3 ./Core/Src/Parking.o
 .debug_abbrev  0x000001d3      0x278 ./Core/Src/TM1637.o
 .debug_abbrev  0x0000044b      0x20e ./Core/Src/main.o
 .debug_abbrev  0x00000659       0xdb ./Core/Src/stm32f1xx_hal_msp.o
 .debug_abbrev  0x00000734       0x73 ./Core/Src/stm32f1xx_it.o
 .debug_abbrev  0x000007a7      0x13f ./Core/Src/system_stm32f1xx.o
 .debug_abbrev  0x000008e6       0x24 ./Core/Startup/startup_stm32f103c8tx.o
 .debug_abbrev  0x0000090a      0x201 ./Drivers/STM32F1xx_HAL_Driver/Src/stm32f1xx_hal.o
 .debug_abbrev  0x00000b0b      0x2f8 ./Drivers/STM32F1xx_HAL_Driver/Src/stm32f1xx_hal_cortex.o
 .debug_abbrev  0x00000e03      0x1ca ./Drivers/STM32F1xx_HAL_Driver/Src/stm32f1xx_hal_gpio.o
 .debug_abbrev  0x00000fcd      0x2b3 ./Drivers/STM32F1xx_HAL_Driver/Src/stm32f1xx_hal_rcc.o

.debug_aranges  0x00000000      0x4b8
 .debug_aranges
                0x00000000       0x48 ./Core/Src/Parking.o
 .debug_aranges
                0x00000048       0xa0 ./Core/Src/TM1637.o
 .debug_aranges
                0x000000e8       0x38 ./Core/Src/main.o
 .debug_aranges
                0x00000120       0x20 ./Core/Src/stm32f1xx_hal_msp.o
 .debug_aranges
                0x00000140       0x60 ./Core/Src/stm32f1xx_it.o
 .debug_aranges
                0x000001a0       0x28 ./Core/Src/system_stm32f1xx.o
 .debug_aranges
                0x000001c8       0x28 ./Core/Startup/startup_stm32f103c8tx.o
 .debug_aranges
                0x000001f0       0xe0 ./Drivers/STM32F1xx_HAL_Driver/Src/stm32f1xx_hal.o
 .debug_aranges
                0x000002d0      0x100 ./Drivers/STM32F1xx_HAL_Driver/Src/stm32f1xx_hal_cortex.o
 .debug_aranges
                0x000003d0       0x58 ./Drivers/STM32F1xx_HAL_Driver/Src/stm32f1xx_hal_gpio.o
 .debug_aranges
                0x00000428       0x90 ./Drivers/STM32F1xx_HAL_Driver/Src/stm32f1xx_hal_rcc.o

.debug_rnglists
                0x00000000      0x363
 .debug_rnglists
                0x00000000       0x32 ./Core/Src/Parking.o
 .debug_rnglists
                0x00000032       0x78 ./Core/Src/TM1637.o
 .debug_rnglists
                0x000000aa       0x27 ./Core/Src/main.o
 .debug_rnglists
                0x000000d1       0x13 ./Core/Src/stm32f1xx_hal_msp.o
 .debug_rnglists
                0x000000e4       0x43 ./Core/Src/stm32f1xx_it.o
 .debug_rnglists
                0x00000127       0x1a ./Core/Src/system_stm32f1xx.o
 .debug_rnglists
                0x00000141       0x19 ./Core/Startup/startup_stm32f103c8tx.o
 .debug_rnglists
                0x0000015a       0xa3 ./Drivers/STM32F1xx_HAL_Driver/Src/stm32f1xx_hal.o
 .debug_rnglists
                0x000001fd       0xbb ./Drivers/STM32F1xx_HAL_Driver/Src/stm32f1xx_hal_cortex.o
 .debug_rnglists
                0x000002b8       0x3f ./Drivers/STM32F1xx_HAL_Driver/Src/stm32f1xx_hal_gpio.o
 .debug_rnglists
                0x000002f7       0x6c ./Drivers/STM32F1xx_HAL_Driver/Src/stm32f1xx_hal_rcc.o

.debug_macro    0x00000000    0x16b97
 .debug_macro   0x00000000      0x289 ./Core/Src/Parking.o
 .debug_macro   0x00000289      0xaa8 ./Core/Src/Parking.o
 .debug_macro   0x00000d31      0x20f ./Core/Src/Parking.o
 .debug_macro   0x00000f40       0x2e ./Core/Src/Parking.o
 .debug_macro   0x00000f6e       0x22 ./Core/Src/Parking.o
 .debug_macro   0x00000f90       0x22 ./Core/Src/Parking.o
 .debug_macro   0x00000fb2       0x8e ./Core/Src/Parking.o
 .debug_macro   0x00001040       0x51 ./Core/Src/Parking.o
 .debug_macro   0x00001091      0x103 ./Core/Src/Parking.o
 .debug_macro   0x00001194       0x6a ./Core/Src/Parking.o
 .debug_macro   0x000011fe      0x1df ./Core/Src/Parking.o
 .debug_macro   0x000013dd       0x1c ./Core/Src/Parking.o
 .debug_macro   0x000013f9       0x22 ./Core/Src/Parking.o
 .debug_macro   0x0000141b       0xbd ./Core/Src/Parking.o
 .debug_macro   0x000014d8      0xd23 ./Core/Src/Parking.o
 .debug_macro   0x000021fb     0xe09e ./Core/Src/Parking.o
 .debug_macro   0x00010299       0x6d ./Core/Src/Parking.o
 .debug_macro   0x00010306     0x34a2 ./Core/Src/Parking.o
 .debug_macro   0x000137a8      0x189 ./Core/Src/Parking.o
 .debug_macro   0x00013931       0x5c ./Core/Src/Parking.o
 .debug_macro   0x0001398d      0x5bc ./Core/Src/Parking.o
 .debug_macro   0x00013f49      0x289 ./Core/Src/Parking.o
 .debug_macro   0x000141d2      0x1cb ./Core/Src/Parking.o
 .debug_macro   0x0001439d      0x114 ./Core/Src/Parking.o
 .debug_macro   0x000144b1      0x1b2 ./Core/Src/Parking.o
 .debug_macro   0x00014663       0x27 ./Core/Src/Parking.o
 .debug_macro   0x0001468a      0x136 ./Core/Src/Parking.o
 .debug_macro   0x000147c0      0x1bc ./Core/Src/Parking.o
 .debug_macro   0x0001497c       0x34 ./Core/Src/Parking.o
 .debug_macro   0x000149b0       0x3c ./Core/Src/Parking.o
 .debug_macro   0x000149ec       0x57 ./Core/Src/Parking.o
 .debug_macro   0x00014a43       0x87 ./Core/Src/Parking.o
 .debug_macro   0x00014aca      0x240 ./Core/Src/Parking.o
 .debug_macro   0x00014d0a      0x140 ./Core/Src/Parking.o
 .debug_macro   0x00014e4a       0x83 ./Core/Src/Parking.o
 .debug_macro   0x00014ecd       0x61 ./Core/Src/Parking.o
 .debug_macro   0x00014f2e       0x24 ./Core/Src/Parking.o
 .debug_macro   0x00014f52       0x43 ./Core/Src/Parking.o
 .debug_macro   0x00014f95       0x34 ./Core/Src/Parking.o
 .debug_macro   0x00014fc9       0x16 ./Core/Src/Parking.o
 .debug_macro   0x00014fdf       0x35 ./Core/Src/Parking.o
 .debug_macro   0x00015014      0x369 ./Core/Src/Parking.o
 .debug_macro   0x0001537d       0x10 ./Core/Src/Parking.o
 .debug_macro   0x0001538d       0x16 ./Core/Src/Parking.o
 .debug_macro   0x000153a3       0x43 ./Core/Src/Parking.o
 .debug_macro   0x000153e6       0x34 ./Core/Src/Parking.o
 .debug_macro   0x0001541a       0x10 ./Core/Src/Parking.o
 .debug_macro   0x0001542a       0x58 ./Core/Src/Parking.o
 .debug_macro   0x00015482       0x8e ./Core/Src/Parking.o
 .debug_macro   0x00015510       0x1c ./Core/Src/Parking.o
 .debug_macro   0x0001552c      0x177 ./Core/Src/Parking.o
 .debug_macro   0x000156a3       0x16 ./Core/Src/Parking.o
 .debug_macro   0x000156b9       0x16 ./Core/Src/Parking.o
 .debug_macro   0x000156cf      0x146 ./Core/Src/Parking.o
 .debug_macro   0x00015815       0x22 ./Core/Src/Parking.o
 .debug_macro   0x00015837      0x26a ./Core/Src/TM1637.o
 .debug_macro   0x00015aa1       0x5b ./Core/Src/TM1637.o
 .debug_macro   0x00015afc       0x94 ./Core/Src/TM1637.o
 .debug_macro   0x00015b90       0x57 ./Core/Src/TM1637.o
 .debug_macro   0x00015be7       0x10 ./Core/Src/TM1637.o
 .debug_macro   0x00015bf7       0x20 ./Core/Src/TM1637.o
 .debug_macro   0x00015c17       0x56 ./Core/Src/TM1637.o
 .debug_macro   0x00015c6d       0x1c ./Core/Src/TM1637.o
 .debug_macro   0x00015c89       0x82 ./Core/Src/TM1637.o
 .debug_macro   0x00015d0b      0x295 ./Core/Src/main.o
 .debug_macro   0x00015fa0       0x82 ./Core/Src/main.o
 .debug_macro   0x00016022       0x10 ./Core/Src/main.o
 .debug_macro   0x00016032      0x193 ./Core/Src/stm32f1xx_hal_msp.o
 .debug_macro   0x000161c5      0x19d ./Core/Src/stm32f1xx_it.o
 .debug_macro   0x00016362      0x184 ./Core/Src/system_stm32f1xx.o
 .debug_macro   0x000164e6      0x1a8 ./Drivers/STM32F1xx_HAL_Driver/Src/stm32f1xx_hal.o
 .debug_macro   0x0001668e      0x184 ./Drivers/STM32F1xx_HAL_Driver/Src/stm32f1xx_hal_cortex.o
 .debug_macro   0x00016812      0x1ef ./Drivers/STM32F1xx_HAL_Driver/Src/stm32f1xx_hal_gpio.o
 .debug_macro   0x00016a01      0x196 ./Drivers/STM32F1xx_HAL_Driver/Src/stm32f1xx_hal_rcc.o

.debug_line     0x00000000     0x6025
 .debug_line    0x00000000      0x8ec ./Core/Src/Parking.o
 .debug_line    0x000008ec      0xc35 ./Core/Src/TM1637.o
 .debug_line    0x00001521      0x8ed ./Core/Src/main.o
 .debug_line    0x00001e0e      0x6bd ./Core/Src/stm32f1xx_hal_msp.o
 .debug_line    0x000024cb      0x77e ./Core/Src/stm32f1xx_it.o
 .debug_line    0x00002c49      0x73a ./Core/Src/system_stm32f1xx.o
 .debug_line    0x00003383       0x78 ./Core/Startup/startup_stm32f103c8tx.o
 .debug_line    0x000033fb      0x967 ./Drivers/STM32F1xx_HAL_Driver/Src/stm32f1xx_hal.o
 .debug_line    0x00003d62      0xb53 ./Drivers/STM32F1xx_HAL_Driver/Src/stm32f1xx_hal_cortex.o
 .debug_line    0x000048b5      0xa00 ./Drivers/STM32F1xx_HAL_Driver/Src/stm32f1xx_hal_gpio.o
 .debug_line    0x000052b5      0xd70 ./Drivers/STM32F1xx_HAL_Driver/Src/stm32f1xx_hal_rcc.o

.debug_str      0x00000000    0x7f886
 .debug_str     0x00000000    0x7e230 ./Core/Src/Parking.o
                              0x7e56f (size before relaxing)
 .debug_str     0x0007e230      0x480 ./Core/Src/TM1637.o
                              0x7e2af (size before relaxing)
 .debug_str     0x0007e6b0      0x221 ./Core/Src/main.o
                              0x7e287 (size before relaxing)
 .debug_str     0x0007e8d1       0x5a ./Core/Src/stm32f1xx_hal_msp.o
                              0x7ada4 (size before relaxing)
 .debug_str     0x0007e92b       0xc9 ./Core/Src/stm32f1xx_it.o
                              0x7adb9 (size before relaxing)
 .debug_str     0x0007e9f4       0x7e ./Core/Src/system_stm32f1xx.o
                              0x7ad7d (size before relaxing)
 .debug_str     0x0007ea72       0x44 ./Core/Startup/startup_stm32f103c8tx.o
                                 0x77 (size before relaxing)
 .debug_str     0x0007eab6      0x607 ./Drivers/STM32F1xx_HAL_Driver/Src/stm32f1xx_hal.o
                              0x7b4b0 (size before relaxing)
 .debug_str     0x0007f0bd      0x2bb ./Drivers/STM32F1xx_HAL_Driver/Src/stm32f1xx_hal_cortex.o
                              0x7b3fc (size before relaxing)
 .debug_str     0x0007f378      0x2e5 ./Drivers/STM32F1xx_HAL_Driver/Src/stm32f1xx_hal_gpio.o
                              0x7b103 (size before relaxing)
 .debug_str     0x0007f65d      0x229 ./Drivers/STM32F1xx_HAL_Driver/Src/stm32f1xx_hal_rcc.o
                              0x7b1ac (size before relaxing)

.comment        0x00000000       0x43
 .comment       0x00000000       0x43 ./Core/Src/Parking.o
                                 0x44 (size before relaxing)
 .comment       0x00000043       0x44 ./Core/Src/TM1637.o
 .comment       0x00000043       0x44 ./Core/Src/main.o
 .comment       0x00000043       0x44 ./Core/Src/stm32f1xx_hal_msp.o
 .comment       0x00000043       0x44 ./Core/Src/stm32f1xx_it.o
 .comment       0x00000043       0x44 ./Core/Src/system_stm32f1xx.o
 .comment       0x00000043       0x44 ./Drivers/STM32F1xx_HAL_Driver/Src/stm32f1xx_hal.o
 .comment       0x00000043       0x44 ./Drivers/STM32F1xx_HAL_Driver/Src/stm32f1xx_hal_cortex.o
 .comment       0x00000043       0x44 ./Drivers/STM32F1xx_HAL_Driver/Src/stm32f1xx_hal_gpio.o
 .comment       0x00000043       0x44 ./Drivers/STM32F1xx_HAL_Driver/Src/stm32f1xx_hal_rcc.o

.debug_frame    0x00000000     0x1050
 .debug_frame   0x00000000       0xd8 ./Core/Src/Parking.o
 .debug_frame   0x000000d8      0x24c ./Core/Src/TM1637.o
 .debug_frame   0x00000324       0x8c ./Core/Src/main.o
 .debug_frame   0x000003b0       0x38 ./Core/Src/stm32f1xx_hal_msp.o
 .debug_frame   0x000003e8      0x104 ./Core/Src/stm32f1xx_it.o
 .debug_frame   0x000004ec       0x58 ./Core/Src/system_stm32f1xx.o
 .debug_frame   0x00000544      0x334 ./Drivers/STM32F1xx_HAL_Driver/Src/stm32f1xx_hal.o
 .debug_frame   0x00000878      0x428 ./Drivers/STM32F1xx_HAL_Driver/Src/stm32f1xx_hal_cortex.o
 .debug_frame   0x00000ca0      0x14c ./Drivers/STM32F1xx_HAL_Driver/Src/stm32f1xx_hal_gpio.o
 .debug_frame   0x00000dec      0x218 ./Drivers/STM32F1xx_HAL_Driver/Src/stm32f1xx_hal_rcc.o
 .debug_frame   0x00001004       0x20 C:/ST/STM32CubeIDE_1.16.1/STM32CubeIDE/plugins/com.st.stm32cube.ide.mcu.externaltools.gnu-tools-for-stm32.12.3.rel1.win32_1.0.200.202406191623/tools/bin/../lib/gcc/arm-none-eabi/12.3.1/../../../../arm-none-eabi/lib/thumb/v7-m/nofp\libc_nano.a(libc_a-memset.o)
 .debug_frame   0x00001024       0x2c C:/ST/STM32CubeIDE_1.16.1/STM32CubeIDE/plugins/com.st.stm32cube.ide.mcu.externaltools.gnu-tools-for-stm32.12.3.rel1.win32_1.0.200.202406191623/tools/bin/../lib/gcc/arm-none-eabi/12.3.1/../../../../arm-none-eabi/lib/thumb/v7-m/nofp\libc_nano.a(libc_a-init.o)

.debug_line_str
                0x00000000       0x5b
 .debug_line_str
                0x00000000       0x5b ./Core/Startup/startup_stm32f103c8tx.o
